2026/09/22 06:48:27 ✅ SQLite tuned: WAL, single-writer pool
2026/09/22 06:48:27 SQLite database ready: bench.db
2026/09/22 06:48:27 License enforcement started
2026/09/22 06:48:27 🌐 Air-gap mode: OFF (normal operation)
2026/09/22 06:48:27 🔗 Chain: mobarakeh-steel-01 (Mobarakeh Steel Private Network) | AirGapAllowed: true

2026/09/22 06:48:27 [31;1mC:/Users/NIL STORE/Beaconchain/horizon-core/cmd/switch/license_enforce.go:81 [35;1mrecord not found
[0m[33m[0.000ms] [34;1m[rows:0][0m SELECT * FROM `licenses` WHERE status = "active" ORDER BY issued_at DESC,`licenses`.`id` LIMIT 1
2026/09/22 06:48:27 [LICENSE] validation failed: no active license found
2026/09/22 06:48:27 [LICENSE] initial validation failed: no active license found
2026/09/22 06:48:27 [LICENSE] periodic checker started; interval=24h0m0s
2026/09/22 06:48:27 customers: no config file (./config/customers.json), skipping seed
2026/09/22 06:48:27 ledger: loaded 0 accounts from DB
2026/09/22 06:48:27 Ledger initialized (in-memory + async persist)

2026/09/22 06:48:27 [31;1mC:/Users/NIL STORE/Beaconchain/horizon-core/cmd/switch/switch.go:221 [35;1mrecord not found
[0m[33m[0.981ms] [34;1m[rows:0][0m SELECT * FROM `blocks` ORDER BY block_num desc,`blocks`.`id` LIMIT 1
2026/09/22 06:48:27 [INDUSTRIAL] heartbeat monitor started (silent-after=2m0s)
2026/09/22 06:48:27 [INDUSTRIAL] SYNC_TARGET_URL not set, sync disabled
2026/09/22 06:48:27 [INDUSTRIAL] background jobs running
2026/09/22 06:48:27 Horizon Switch v3.0 running on port 8080
2026/09/22 06:48:27 Database: bench.db
2026/09/22 06:48:27 listen tcp :8080: bind: Only one usage of each socket address (protocol/network address/port) is normally permitted.
